Content for backend/__tests__/__snapshots__/weather.test.ts.snap
